[    1240ms] [INFO] %cDownload the React DevTools for a better development experience: https://react.dev/link/react-devtools font-weight:bold @ http://localhost:3711/_next/static/chunks/979b6_next_dist_2a67324b._.js:2297
[    1282ms] [LOG] [HMR] connected @ http://localhost:3711/_next/static/chunks/979b6_next_dist_2a67324b._.js:2297
[    1343ms] [WARNING] Image with src "https://r4t2ruiygwedeai0.public.blob.vercel-storage.com/products/kid-grow.png" was detected as the Largest Contentful Paint (LCP). Please add the `loading="eager"` property if this image is above the fold.
Read more: https://nextjs.org/docs/app/api-reference/components/image#loading @ http://localhost:3711/_next/static/chunks/979b6_next_dist_2a67324b._.js:2297
[    1403ms] [WARNING] Please ensure that the container has a non-static position, like 'relative', 'fixed', or 'absolute' to ensure scroll offset is calculated correctly. @ http://localhost:3711/_next/static/chunks/979b6_next_dist_2a67324b._.js:2297
[    1418ms] [WARNING] Image with src "https://r4t2ruiygwedeai0.public.blob.vercel-storage.com/products/kid-rise.png" has "fill" and parent element with invalid "position". Provided "static" should be one of absolute,fixed,relative. @ http://localhost:3711/_next/static/chunks/979b6_next_dist_2a67324b._.js:2297
[    1418ms] [WARNING] Image with src "/images/glasses/kid-rise-glass-v2.jpg" has "fill" and parent element with invalid "position". Provided "static" should be one of absolute,fixed,relative. @ http://localhost:3711/_next/static/chunks/979b6_next_dist_2a67324b._.js:2297
[    1418ms] [WARNING] Image with src "/images/glasses/teen-focus-glass-v2.jpg" has "fill" and parent element with invalid "position". Provided "static" should be one of absolute,fixed,relative. @ http://localhost:3711/_next/static/chunks/979b6_next_dist_2a67324b._.js:2297
[    1520ms] [LOG] [Fast Refresh] rebuilding @ http://localhost:3711/_next/static/chunks/979b6_next_dist_2a67324b._.js:2297
[    1532ms] [LOG] [Fast Refresh] done in 113ms @ http://localhost:3711/_next/static/chunks/979b6_next_dist_2a67324b._.js:2297
[    1546ms] [WARNING] Image with src "https://r4t2ruiygwedeai0.public.blob.vercel-storage.com/glasses/kid-grow-glass.png" has "fill" and parent element with invalid "position". Provided "static" should be one of absolute,fixed,relative. @ http://localhost:3711/_next/static/chunks/979b6_next_dist_2a67324b._.js:2297
[    1617ms] [WARNING] Image with src "https://r4t2ruiygwedeai0.public.blob.vercel-storage.com/products/kid-grow.png" has "fill" and parent element with invalid "position". Provided "static" should be one of absolute,fixed,relative. @ http://localhost:3711/_next/static/chunks/979b6_next_dist_2a67324b._.js:2297
[    7796ms] [LOG] [Fast Refresh] rebuilding @ http://localhost:3711/_next/static/chunks/979b6_next_dist_2a67324b._.js:2297
[    7931ms] [LOG] [Fast Refresh] done in 237ms @ http://localhost:3711/_next/static/chunks/979b6_next_dist_2a67324b._.js:2297
[    8033ms] [LOG] [Fast Refresh] rebuilding @ http://localhost:3711/_next/static/chunks/979b6_next_dist_2a67324b._.js:2297
[    8040ms] [LOG] [Fast Refresh] done in 108ms @ http://localhost:3711/_next/static/chunks/979b6_next_dist_2a67324b._.js:2297
[    8040ms] [ERROR] Failed to load resource: the server responded with a status of 500 (Internal Server Error) @ http://localhost:3711/_next/image?url=https%3A%2F%2Fr4t2ruiygwedeai0.public.blob.vercel-storage.com%2Fproducts%2Fteen-focus.png&w=384&q=75:0
[    8040ms] [ERROR] Failed to load resource: the server responded with a status of 500 (Internal Server Error) @ http://localhost:3711/_next/image?url=https%3A%2F%2Fr4t2ruiygwedeai0.public.blob.vercel-storage.com%2Fproducts%2Fteen-focus.png&w=1080&q=75:0
[   50138ms] [WARNING] Image with src "https://r4t2ruiygwedeai0.public.blob.vercel-storage.com/logos/reset_stage_logo_reset_org_color.png" has either width or height modified, but not the other. If you use CSS to change the size of your image, also include the styles 'width: "auto"' or 'height: "auto"' to maintain the aspect ratio. @ http://localhost:3711/_next/static/chunks/979b6_next_dist_2a67324b._.js:2297
[  132093ms] [LOG] [Fast Refresh] rebuilding @ http://localhost:3711/_next/static/chunks/979b6_next_dist_2a67324b._.js:2297
[  132123ms] [LOG] [Fast Refresh] done in 40ms @ http://localhost:3711/_next/static/chunks/979b6_next_dist_2a67324b._.js:2297
