[     294ms] [INFO] %cDownload the React DevTools for a better development experience: https://react.dev/link/react-devtools font-weight:bold @ http://localhost:3000/_next/static/chunks/979b6_next_dist_2a67324b._.js:2297
[     310ms] [LOG] [HMR] connected @ http://localhost:3000/_next/static/chunks/979b6_next_dist_2a67324b._.js:2297
[     423ms] [WARNING] Please ensure that the container has a non-static position, like 'relative', 'fixed', or 'absolute' to ensure scroll offset is calculated correctly. @ http://localhost:3000/_next/static/chunks/979b6_next_dist_2a67324b._.js:2297
[    7680ms] [WARNING] Image with src "/images/boxes/kidrise-box.png" was detected as the Largest Contentful Paint (LCP). Please add the `loading="eager"` property if this image is above the fold.
Read more: https://nextjs.org/docs/app/api-reference/components/image#loading @ http://localhost:3000/_next/static/chunks/979b6_next_dist_2a67324b._.js:2297
[  147381ms] [LOG] [Fast Refresh] rebuilding @ http://localhost:3000/_next/static/chunks/979b6_next_dist_2a67324b._.js:2297
[  147405ms] [LOG] [Fast Refresh] done in 31ms @ http://localhost:3000/_next/static/chunks/979b6_next_dist_2a67324b._.js:2297
[  155718ms] [INFO] %cDownload the React DevTools for a better development experience: https://react.dev/link/react-devtools font-weight:bold @ http://localhost:3000/_next/static/chunks/979b6_next_dist_2a67324b._.js:2297
[  155727ms] [LOG] [HMR] connected @ http://localhost:3000/_next/static/chunks/979b6_next_dist_2a67324b._.js:2297
[  155836ms] [WARNING] Please ensure that the container has a non-static position, like 'relative', 'fixed', or 'absolute' to ensure scroll offset is calculated correctly. @ http://localhost:3000/_next/static/chunks/979b6_next_dist_2a67324b._.js:2297
[  187510ms] [LOG] [Fast Refresh] rebuilding @ http://localhost:3000/_next/static/chunks/979b6_next_dist_2a67324b._.js:2297
[  187534ms] [LOG] [Fast Refresh] done in 25ms @ http://localhost:3000/_next/static/chunks/979b6_next_dist_2a67324b._.js:2297
[  195652ms] [INFO] %cDownload the React DevTools for a better development experience: https://react.dev/link/react-devtools font-weight:bold @ http://localhost:3000/_next/static/chunks/979b6_next_dist_2a67324b._.js:2297
[  195666ms] [LOG] [HMR] connected @ http://localhost:3000/_next/static/chunks/979b6_next_dist_2a67324b._.js:2297
[  195741ms] [WARNING] Please ensure that the container has a non-static position, like 'relative', 'fixed', or 'absolute' to ensure scroll offset is calculated correctly. @ http://localhost:3000/_next/static/chunks/979b6_next_dist_2a67324b._.js:2297
[  222293ms] [LOG] [Fast Refresh] rebuilding @ http://localhost:3000/_next/static/chunks/979b6_next_dist_2a67324b._.js:2297
[  222319ms] [LOG] [Fast Refresh] done in 48ms @ http://localhost:3000/_next/static/chunks/979b6_next_dist_2a67324b._.js:2297
[  270041ms] [LOG] [Fast Refresh] rebuilding @ http://localhost:3000/_next/static/chunks/979b6_next_dist_2a67324b._.js:2297
[  270090ms] [WARNING] [Fast Refresh] performing full reload

Fast Refresh will perform a full reload when you edit a file that's imported by modules outside of the React rendering tree.
You might have a file which exports a React component but also exports a value that is imported by a non-React component file.
Consider migrating the non-React component export to a separate file and importing it into both files.

It is also possible the parent component of the component you edited is a class component, which disables Fast Refresh.
Fast Refresh requires at least one parent function component in your React tree. @ http://localhost:3000/_next/static/chunks/979b6_next_dist_2a67324b._.js:2297
[  270098ms] [LOG] [Fast Refresh] done in 150ms @ http://localhost:3000/_next/static/chunks/979b6_next_dist_2a67324b._.js:2297
[  270206ms] [LOG] [Fast Refresh] rebuilding @ http://localhost:3000/_next/static/chunks/979b6_next_dist_2a67324b._.js:2297
[  270215ms] [LOG] [Fast Refresh] done in 111ms @ http://localhost:3000/_next/static/chunks/979b6_next_dist_2a67324b._.js:2297
[  270677ms] [INFO] %cDownload the React DevTools for a better development experience: https://react.dev/link/react-devtools font-weight:bold @ http://localhost:3000/_next/static/chunks/979b6_next_dist_2a67324b._.js:2297
[  270691ms] [LOG] [HMR] connected @ http://localhost:3000/_next/static/chunks/979b6_next_dist_2a67324b._.js:2297
[  270886ms] [WARNING] Please ensure that the container has a non-static position, like 'relative', 'fixed', or 'absolute' to ensure scroll offset is calculated correctly. @ http://localhost:3000/_next/static/chunks/979b6_next_dist_2a67324b._.js:2297
[  379009ms] [LOG] [Fast Refresh] rebuilding @ http://localhost:3000/_next/static/chunks/979b6_next_dist_2a67324b._.js:2297
[  379154ms] [LOG] [Fast Refresh] done in 65ms @ http://localhost:3000/_next/static/chunks/979b6_next_dist_2a67324b._.js:2297
[  384171ms] [LOG] [Fast Refresh] rebuilding @ http://localhost:3000/_next/static/chunks/979b6_next_dist_2a67324b._.js:2297
[  384265ms] [LOG] [Fast Refresh] done in 19ms @ http://localhost:3000/_next/static/chunks/979b6_next_dist_2a67324b._.js:2297
[  389279ms] [LOG] [Fast Refresh] rebuilding @ http://localhost:3000/_next/static/chunks/979b6_next_dist_2a67324b._.js:2297
[  389408ms] [LOG] [Fast Refresh] done in 29ms @ http://localhost:3000/_next/static/chunks/979b6_next_dist_2a67324b._.js:2297
[  393504ms] [LOG] [Fast Refresh] rebuilding @ http://localhost:3000/_next/static/chunks/979b6_next_dist_2a67324b._.js:2297
[  393658ms] [LOG] [Fast Refresh] done in 60ms @ http://localhost:3000/_next/static/chunks/979b6_next_dist_2a67324b._.js:2297
[  393786ms] [LOG] [Fast Refresh] rebuilding @ http://localhost:3000/_next/static/chunks/979b6_next_dist_2a67324b._.js:2297
[  393838ms] [LOG] [Fast Refresh] done in 153ms @ http://localhost:3000/_next/static/chunks/979b6_next_dist_2a67324b._.js:2297
[  398079ms] [LOG] [Fast Refresh] rebuilding @ http://localhost:3000/_next/static/chunks/979b6_next_dist_2a67324b._.js:2297
[  398186ms] [LOG] [Fast Refresh] done in 43ms @ http://localhost:3000/_next/static/chunks/979b6_next_dist_2a67324b._.js:2297
[  402249ms] [LOG] [Fast Refresh] rebuilding @ http://localhost:3000/_next/static/chunks/979b6_next_dist_2a67324b._.js:2297
[  402378ms] [LOG] [Fast Refresh] done in 19ms @ http://localhost:3000/_next/static/chunks/979b6_next_dist_2a67324b._.js:2297
[  406353ms] [LOG] [Fast Refresh] rebuilding @ http://localhost:3000/_next/static/chunks/979b6_next_dist_2a67324b._.js:2297
[  406425ms] [LOG] [Fast Refresh] done in 19ms @ http://localhost:3000/_next/static/chunks/979b6_next_dist_2a67324b._.js:2297
[  410181ms] [LOG] [Fast Refresh] rebuilding @ http://localhost:3000/_next/static/chunks/979b6_next_dist_2a67324b._.js:2297
[  410208ms] [LOG] [Fast Refresh] done in 46ms @ http://localhost:3000/_next/static/chunks/979b6_next_dist_2a67324b._.js:2297
[  430123ms] [LOG] [Fast Refresh] rebuilding @ http://localhost:3000/_next/static/chunks/979b6_next_dist_2a67324b._.js:2297
[  430145ms] [LOG] [Fast Refresh] done in 123ms @ http://localhost:3000/_next/static/chunks/979b6_next_dist_2a67324b._.js:2297
[  615410ms] [LOG] [Fast Refresh] rebuilding @ http://localhost:3000/_next/static/chunks/979b6_next_dist_2a67324b._.js:2297
[  615418ms] [LOG] [Fast Refresh] done in 109ms @ http://localhost:3000/_next/static/chunks/979b6_next_dist_2a67324b._.js:2297
[  707155ms] [LOG] [Fast Refresh] rebuilding @ http://localhost:3000/_next/static/chunks/979b6_next_dist_2a67324b._.js:2297
[  707203ms] ReferenceError: StagesCarousel is not defined
    at V2Home (http://localhost:3000/_next/static/chunks/_ae9b76b8._.js?id=%255Bproject%255D%252Fapp%252F%255Blocale%255D%252Fpage.tsx+%255Bapp-client%255D+%2528ecmascript%2529:84:351)
    at Object.react_stack_bottom_frame (http://localhost:3000/_next/static/chunks/979b6_next_dist_compiled_react-dom_60bd6cd5._.js:14826:24)
    at renderWithHooks (http://localhost:3000/_next/static/chunks/979b6_next_dist_compiled_react-dom_60bd6cd5._.js:4651:24)
    at updateFunctionComponent (http://localhost:3000/_next/static/chunks/979b6_next_dist_compiled_react-dom_60bd6cd5._.js:6112:21)
    at beginWork (http://localhost:3000/_next/static/chunks/979b6_next_dist_compiled_react-dom_60bd6cd5._.js:6708:24)
    at runWithFiberInDEV (http://localhost:3000/_next/static/chunks/979b6_next_dist_compiled_react-dom_60bd6cd5._.js:965:74)
    at performUnitOfWork (http://localhost:3000/_next/static/chunks/979b6_next_dist_compiled_react-dom_60bd6cd5._.js:9562:97)
    at workLoopSync (http://localhost:3000/_next/static/chunks/979b6_next_dist_compiled_react-dom_60bd6cd5._.js:9456:40)
    at renderRootSync (http://localhost:3000/_next/static/chunks/979b6_next_dist_compiled_react-dom_60bd6cd5._.js:9440:13)
    at performWorkOnRoot (http://localhost:3000/_next/static/chunks/979b6_next_dist_compiled_react-dom_60bd6cd5._.js:9105:47)
    at performSyncWorkOnRoot (http://localhost:3000/_next/static/chunks/979b6_next_dist_compiled_react-dom_60bd6cd5._.js:10238:9)
    at flushSyncWorkAcrossRoots_impl (http://localhost:3000/_next/static/chunks/979b6_next_dist_compiled_react-dom_60bd6cd5._.js:10154:316)
    at flushSyncWork$1 (http://localhost:3000/_next/static/chunks/979b6_next_dist_compiled_react-dom_60bd6cd5._.js:9237:86)
    at Object.scheduleRefresh (http://localhost:3000/_next/static/chunks/979b6_next_dist_compiled_react-dom_60bd6cd5._.js:299:13)
    at http://localhost:3000/_next/static/chunks/979b6_next_dist_compiled_5e2c2655._.js:391:33
    at Set.forEach (<anonymous>)
    at Object.performReactRefresh (http://localhost:3000/_next/static/chunks/979b6_next_dist_compiled_5e2c2655._.js:384:38)
    at applyUpdate (http://localhost:3000/_next/static/chunks/979b6_next_dist_compiled_5e2c2655._.js:878:31)
    at http://localhost:3000/_next/static/chunks/979b6_next_dist_compiled_5e2c2655._.js:886:13
[  707223ms] [LOG] [Fast Refresh] done in 134ms @ http://localhost:3000/_next/static/chunks/979b6_next_dist_2a67324b._.js:2297
[  712329ms] [LOG] [Fast Refresh] rebuilding @ http://localhost:3000/_next/static/chunks/979b6_next_dist_2a67324b._.js:2297
[  712333ms] [WARNING] [Fast Refresh] performing full reload because your application had an unrecoverable error @ http://localhost:3000/_next/static/chunks/979b6_next_dist_2a67324b._.js:2297
[  712446ms] [LOG] [Fast Refresh] done in 52ms @ http://localhost:3000/_next/static/chunks/979b6_next_dist_2a67324b._.js:2297
[  712548ms] [LOG] [Fast Refresh] rebuilding @ http://localhost:3000/_next/static/chunks/979b6_next_dist_2a67324b._.js:2297
[  712577ms] [LOG] [Fast Refresh] done in 130ms @ http://localhost:3000/_next/static/chunks/979b6_next_dist_2a67324b._.js:2297
[  713088ms] [INFO] %cDownload the React DevTools for a better development experience: https://react.dev/link/react-devtools font-weight:bold @ http://localhost:3000/_next/static/chunks/979b6_next_dist_2a67324b._.js:2297
[  713105ms] [LOG] [HMR] connected @ http://localhost:3000/_next/static/chunks/979b6_next_dist_2a67324b._.js:2297
[  713233ms] [WARNING] Please ensure that the container has a non-static position, like 'relative', 'fixed', or 'absolute' to ensure scroll offset is calculated correctly. @ http://localhost:3000/_next/static/chunks/979b6_next_dist_2a67324b._.js:2297
[  713241ms] [WARNING] Image with src "/images/glasses/kid-rise-glass-v2.jpg" has "fill" and parent element with invalid "position". Provided "static" should be one of absolute,fixed,relative. @ http://localhost:3000/_next/static/chunks/979b6_next_dist_2a67324b._.js:2297
[  713241ms] [WARNING] Image with src "/images/glasses/teen-focus-glass-v2.jpg" has "fill" and parent element with invalid "position". Provided "static" should be one of absolute,fixed,relative. @ http://localhost:3000/_next/static/chunks/979b6_next_dist_2a67324b._.js:2297
[  713298ms] [WARNING] Image with src "https://r4t2ruiygwedeai0.public.blob.vercel-storage.com/glasses/kid-grow-glass.png" has "fill" and parent element with invalid "position". Provided "static" should be one of absolute,fixed,relative. @ http://localhost:3000/_next/static/chunks/979b6_next_dist_2a67324b._.js:2297
[  713604ms] [WARNING] Image with src "https://r4t2ruiygwedeai0.public.blob.vercel-storage.com/products/kid-grow.png" has "fill" and parent element with invalid "position". Provided "static" should be one of absolute,fixed,relative. @ http://localhost:3000/_next/static/chunks/979b6_next_dist_2a67324b._.js:2297
[  713683ms] [WARNING] Image with src "https://r4t2ruiygwedeai0.public.blob.vercel-storage.com/products/teen-focus.png" has "fill" and parent element with invalid "position". Provided "static" should be one of absolute,fixed,relative. @ http://localhost:3000/_next/static/chunks/979b6_next_dist_2a67324b._.js:2297
[  713697ms] [WARNING] Image with src "https://r4t2ruiygwedeai0.public.blob.vercel-storage.com/products/kid-rise.png" has "fill" and parent element with invalid "position". Provided "static" should be one of absolute,fixed,relative. @ http://localhost:3000/_next/static/chunks/979b6_next_dist_2a67324b._.js:2297
[  720527ms] [WARNING] Image with src "/images/boxes/kidrise-box.png" was detected as the Largest Contentful Paint (LCP). Please add the `loading="eager"` property if this image is above the fold.
Read more: https://nextjs.org/docs/app/api-reference/components/image#loading @ http://localhost:3000/_next/static/chunks/979b6_next_dist_2a67324b._.js:2297
[  829260ms] [WARNING] Image with src "/images/boxes/teenfocus-box.png" was detected as the Largest Contentful Paint (LCP). Please add the `loading="eager"` property if this image is above the fold.
Read more: https://nextjs.org/docs/app/api-reference/components/image#loading @ http://localhost:3000/_next/static/chunks/979b6_next_dist_2a67324b._.js:2297
[  842697ms] [LOG] [Fast Refresh] rebuilding @ http://localhost:3000/_next/static/chunks/979b6_next_dist_2a67324b._.js:2297
[  842723ms] [LOG] [Fast Refresh] done in 41ms @ http://localhost:3000/_next/static/chunks/979b6_next_dist_2a67324b._.js:2297
