[     204ms] [INFO] %cDownload the React DevTools for a better development experience: https://react.dev/link/react-devtools font-weight:bold @ http://localhost:3711/_next/static/chunks/979b6_next_dist_2a67324b._.js:2297
[     252ms] [LOG] [HMR] connected @ http://localhost:3711/_next/static/chunks/979b6_next_dist_2a67324b._.js:2297
[     379ms] [WARNING] Please ensure that the container has a non-static position, like 'relative', 'fixed', or 'absolute' to ensure scroll offset is calculated correctly. @ http://localhost:3711/_next/static/chunks/979b6_next_dist_2a67324b._.js:2297
[     392ms] [WARNING] Image with src "https://r4t2ruiygwedeai0.public.blob.vercel-storage.com/products/kid-grow.png" has "fill" and parent element with invalid "position". Provided "static" should be one of absolute,fixed,relative. @ http://localhost:3711/_next/static/chunks/979b6_next_dist_2a67324b._.js:2297
[     392ms] [WARNING] Image with src "https://r4t2ruiygwedeai0.public.blob.vercel-storage.com/glasses/kid-grow-glass.png" has "fill" and parent element with invalid "position". Provided "static" should be one of absolute,fixed,relative. @ http://localhost:3711/_next/static/chunks/979b6_next_dist_2a67324b._.js:2297
[     392ms] [WARNING] Image with src "https://r4t2ruiygwedeai0.public.blob.vercel-storage.com/products/kid-rise.png" has "fill" and parent element with invalid "position". Provided "static" should be one of absolute,fixed,relative. @ http://localhost:3711/_next/static/chunks/979b6_next_dist_2a67324b._.js:2297
[     392ms] [WARNING] Image with src "/images/glasses/kid-rise-glass-v2.jpg" has "fill" and parent element with invalid "position". Provided "static" should be one of absolute,fixed,relative. @ http://localhost:3711/_next/static/chunks/979b6_next_dist_2a67324b._.js:2297
[     392ms] [WARNING] Image with src "https://r4t2ruiygwedeai0.public.blob.vercel-storage.com/products/teen-focus.png" has "fill" and parent element with invalid "position". Provided "static" should be one of absolute,fixed,relative. @ http://localhost:3711/_next/static/chunks/979b6_next_dist_2a67324b._.js:2297
[     392ms] [WARNING] Image with src "/images/glasses/teen-focus-glass-v2.jpg" has "fill" and parent element with invalid "position". Provided "static" should be one of absolute,fixed,relative. @ http://localhost:3711/_next/static/chunks/979b6_next_dist_2a67324b._.js:2297
[  123022ms] [LOG] [Fast Refresh] rebuilding @ http://localhost:3711/_next/static/chunks/979b6_next_dist_2a67324b._.js:2297
[  123049ms] [LOG] [Fast Refresh] done in 36ms @ http://localhost:3711/_next/static/chunks/979b6_next_dist_2a67324b._.js:2297
[  129671ms] [INFO] %cDownload the React DevTools for a better development experience: https://react.dev/link/react-devtools font-weight:bold @ http://localhost:3711/_next/static/chunks/979b6_next_dist_2a67324b._.js:2297
[  129679ms] [LOG] [HMR] connected @ http://localhost:3711/_next/static/chunks/979b6_next_dist_2a67324b._.js:2297
[  129781ms] [WARNING] Please ensure that the container has a non-static position, like 'relative', 'fixed', or 'absolute' to ensure scroll offset is calculated correctly. @ http://localhost:3711/_next/static/chunks/979b6_next_dist_2a67324b._.js:2297
[  129808ms] [WARNING] Image with src "https://r4t2ruiygwedeai0.public.blob.vercel-storage.com/products/kid-grow.png" has "fill" and parent element with invalid "position". Provided "static" should be one of absolute,fixed,relative. @ http://localhost:3711/_next/static/chunks/979b6_next_dist_2a67324b._.js:2297
[  129823ms] [WARNING] Image with src "https://r4t2ruiygwedeai0.public.blob.vercel-storage.com/glasses/kid-grow-glass.png" has "fill" and parent element with invalid "position". Provided "static" should be one of absolute,fixed,relative. @ http://localhost:3711/_next/static/chunks/979b6_next_dist_2a67324b._.js:2297
[  129836ms] [WARNING] Image with src "https://r4t2ruiygwedeai0.public.blob.vercel-storage.com/products/kid-rise.png" has "fill" and parent element with invalid "position". Provided "static" should be one of absolute,fixed,relative. @ http://localhost:3711/_next/static/chunks/979b6_next_dist_2a67324b._.js:2297
[  129843ms] [WARNING] Image with src "/images/glasses/kid-rise-glass-v2.jpg" has "fill" and parent element with invalid "position". Provided "static" should be one of absolute,fixed,relative. @ http://localhost:3711/_next/static/chunks/979b6_next_dist_2a67324b._.js:2297
[  129853ms] [WARNING] Image with src "https://r4t2ruiygwedeai0.public.blob.vercel-storage.com/products/teen-focus.png" has "fill" and parent element with invalid "position". Provided "static" should be one of absolute,fixed,relative. @ http://localhost:3711/_next/static/chunks/979b6_next_dist_2a67324b._.js:2297
[  129858ms] [WARNING] Image with src "/images/glasses/teen-focus-glass-v2.jpg" has "fill" and parent element with invalid "position". Provided "static" should be one of absolute,fixed,relative. @ http://localhost:3711/_next/static/chunks/979b6_next_dist_2a67324b._.js:2297
[  129859ms] [WARNING] Image with src "https://r4t2ruiygwedeai0.public.blob.vercel-storage.com/logos/reset_stage_logo_reset_org_color.png" has either width or height modified, but not the other. If you use CSS to change the size of your image, also include the styles 'width: "auto"' or 'height: "auto"' to maintain the aspect ratio. @ http://localhost:3711/_next/static/chunks/979b6_next_dist_2a67324b._.js:2297
[  184466ms] [LOG] [Fast Refresh] rebuilding @ http://localhost:3711/_next/static/chunks/979b6_next_dist_2a67324b._.js:2297
[  184495ms] [LOG] [Fast Refresh] done in 21ms @ http://localhost:3711/_next/static/chunks/979b6_next_dist_2a67324b._.js:2297
