[     333ms] [INFO] %cDownload the React DevTools for a better development experience: https://react.dev/link/react-devtools font-weight:bold @ http://localhost:3000/_next/static/chunks/979b6_next_dist_2a67324b._.js:2297
[     414ms] [LOG] [HMR] connected @ http://localhost:3000/_next/static/chunks/979b6_next_dist_2a67324b._.js:2297
[     506ms] [WARNING] Please ensure that the container has a non-static position, like 'relative', 'fixed', or 'absolute' to ensure scroll offset is calculated correctly. @ http://localhost:3000/_next/static/chunks/979b6_next_dist_2a67324b._.js:2297
[   60477ms] [ERROR] WebSocket connection to 'ws://localhost:3000/_next/webpack-hmr?id=cus6dpKRlBt5nND26rVpH' failed: Error in connection establishment: net::ERR_CONNECTION_REFUSED @ http://localhost:3000/_next/static/chunks/979b6_next_dist_client_8b3c0be4._.js:10878
[   60518ms] [ERROR] Failed to load resource: net::ERR_CONNECTION_REFUSED @ http://localhost:3000/_next/image?url=%2Fimages%2Fboxes%2Freset-balance-box.png&w=640&q=75:0
[   60518ms] [ERROR] Failed to load resource: net::ERR_CONNECTION_REFUSED @ http://localhost:3000/_next/image?url=%2Fimages%2Fglasses%2Freset-balance-glass-v2.jpg&w=640&q=75:0
[   61480ms] [ERROR] WebSocket connection to 'ws://localhost:3000/_next/webpack-hmr?id=cus6dpKRlBt5nND26rVpH' failed: Error in connection establishment: net::ERR_CONNECTION_REFUSED @ http://localhost:3000/_next/static/chunks/979b6_next_dist_client_8b3c0be4._.js:10878
[   62482ms] [ERROR] WebSocket connection to 'ws://localhost:3000/_next/webpack-hmr?id=cus6dpKRlBt5nND26rVpH' failed: Error in connection establishment: net::ERR_CONNECTION_REFUSED @ http://localhost:3000/_next/static/chunks/979b6_next_dist_client_8b3c0be4._.js:10878
[   63484ms] [ERROR] WebSocket connection to 'ws://localhost:3000/_next/webpack-hmr?id=cus6dpKRlBt5nND26rVpH' failed: Error in connection establishment: net::ERR_CONNECTION_REFUSED @ http://localhost:3000/_next/static/chunks/979b6_next_dist_client_8b3c0be4._.js:10878
[   64487ms] [ERROR] WebSocket connection to 'ws://localhost:3000/_next/webpack-hmr?id=cus6dpKRlBt5nND26rVpH' failed: Error in connection establishment: net::ERR_CONNECTION_REFUSED @ http://localhost:3000/_next/static/chunks/979b6_next_dist_client_8b3c0be4._.js:10878
[   67470ms] [ERROR] Failed to load resource: net::ERR_CONNECTION_REFUSED @ http://localhost:3000/_next/image?url=%2Fimages%2Fboxes%2Freset-balance-box.png&w=384&q=75:0
[   69488ms] [ERROR] WebSocket connection to 'ws://localhost:3000/_next/webpack-hmr?id=cus6dpKRlBt5nND26rVpH' failed: Error in connection establishment: net::ERR_CONNECTION_REFUSED @ http://localhost:3000/_next/static/chunks/979b6_next_dist_client_8b3c0be4._.js:10878
[   72513ms] [ERROR] Failed to load resource: net::ERR_CONNECTION_REFUSED @ http://localhost:3000/_next/image?url=%2Fimages%2Fboxes%2Freset-balance-box.png&w=640&q=75:0
[   72513ms] [ERROR] Failed to load resource: net::ERR_CONNECTION_REFUSED @ http://localhost:3000/_next/image?url=%2Fimages%2Fglasses%2Freset-balance-glass-v2.jpg&w=640&q=75:0
[   74491ms] [ERROR] WebSocket connection to 'ws://localhost:3000/_next/webpack-hmr?id=cus6dpKRlBt5nND26rVpH' failed: Error in connection establishment: net::ERR_CONNECTION_REFUSED @ http://localhost:3000/_next/static/chunks/979b6_next_dist_client_8b3c0be4._.js:10878
[   79495ms] [ERROR] WebSocket connection to 'ws://localhost:3000/_next/webpack-hmr?id=cus6dpKRlBt5nND26rVpH' failed: Error in connection establishment: net::ERR_CONNECTION_REFUSED @ http://localhost:3000/_next/static/chunks/979b6_next_dist_client_8b3c0be4._.js:10878
[   84504ms] [ERROR] WebSocket connection to 'ws://localhost:3000/_next/webpack-hmr?id=cus6dpKRlBt5nND26rVpH' failed: Error in connection establishment: net::ERR_CONNECTION_REFUSED @ http://localhost:3000/_next/static/chunks/979b6_next_dist_client_8b3c0be4._.js:10878
[   84517ms] [ERROR] Failed to load resource: net::ERR_CONNECTION_REFUSED @ http://localhost:3000/_next/image?url=%2Fimages%2Fglasses%2Freset-balance-glass-v2.jpg&w=640&q=75:0
[   84517ms] [ERROR] Failed to load resource: net::ERR_CONNECTION_REFUSED @ http://localhost:3000/_next/image?url=%2Fimages%2Fboxes%2Freset-balance-box.png&w=640&q=75:0
[   85007ms] [ERROR] Failed to load resource: net::ERR_CONNECTION_REFUSED @ http://localhost:3000/_next/image?url=%2Fimages%2Fboxes%2Freset-balance-box.png&w=384&q=75:0
[   89518ms] [ERROR] WebSocket connection to 'ws://localhost:3000/_next/webpack-hmr?id=cus6dpKRlBt5nND26rVpH' failed: Error in connection establishment: net::ERR_CONNECTION_REFUSED @ http://localhost:3000/_next/static/chunks/979b6_next_dist_client_8b3c0be4._.js:10878
[   94525ms] [ERROR] WebSocket connection to 'ws://localhost:3000/_next/webpack-hmr?id=cus6dpKRlBt5nND26rVpH' failed: Error in connection establishment: net::ERR_CONNECTION_REFUSED @ http://localhost:3000/_next/static/chunks/979b6_next_dist_client_8b3c0be4._.js:10878
[   96509ms] [ERROR] Failed to load resource: net::ERR_CONNECTION_REFUSED @ http://localhost:3000/_next/image?url=%2Fimages%2Fboxes%2Freset-balance-box.png&w=640&q=75:0
[   96509ms] [ERROR] Failed to load resource: net::ERR_CONNECTION_REFUSED @ http://localhost:3000/_next/image?url=%2Fimages%2Fglasses%2Freset-balance-glass-v2.jpg&w=640&q=75:0
[   99530ms] [ERROR] WebSocket connection to 'ws://localhost:3000/_next/webpack-hmr?id=cus6dpKRlBt5nND26rVpH' failed: Error in connection establishment: net::ERR_CONNECTION_REFUSED @ http://localhost:3000/_next/static/chunks/979b6_next_dist_client_8b3c0be4._.js:10878
