[     345ms] [INFO] %cDownload the React DevTools for a better development experience: https://react.dev/link/react-devtools font-weight:bold @ http://localhost:3000/_next/static/chunks/979b6_next_dist_2a67324b._.js:2297
[     373ms] [LOG] [HMR] connected @ http://localhost:3000/_next/static/chunks/979b6_next_dist_2a67324b._.js:2297
[     461ms] [WARNING] Please ensure that the container has a non-static position, like 'relative', 'fixed', or 'absolute' to ensure scroll offset is calculated correctly. @ http://localhost:3000/_next/static/chunks/979b6_next_dist_2a67324b._.js:2297
[     513ms] [WARNING] Image with src "https://r4t2ruiygwedeai0.public.blob.vercel-storage.com/logos/reset_stage_logo_stages_org_color.png" has either width or height modified, but not the other. If you use CSS to change the size of your image, also include the styles 'width: "auto"' or 'height: "auto"' to maintain the aspect ratio. @ http://localhost:3000/_next/static/chunks/979b6_next_dist_2a67324b._.js:2297
[   50919ms] [LOG] [Fast Refresh] rebuilding @ http://localhost:3000/_next/static/chunks/979b6_next_dist_2a67324b._.js:2297
[   50947ms] [LOG] [Fast Refresh] done in 24ms @ http://localhost:3000/_next/static/chunks/979b6_next_dist_2a67324b._.js:2297
[   63283ms] [LOG] [Fast Refresh] rebuilding @ http://localhost:3000/_next/static/chunks/979b6_next_dist_2a67324b._.js:2297
[   63310ms] [LOG] [Fast Refresh] done in 20ms @ http://localhost:3000/_next/static/chunks/979b6_next_dist_2a67324b._.js:2297
[  440098ms] [LOG] [Fast Refresh] rebuilding @ http://localhost:3000/_next/static/chunks/979b6_next_dist_2a67324b._.js:2297
[  440105ms] [LOG] [Fast Refresh] done in 109ms @ http://localhost:3000/_next/static/chunks/979b6_next_dist_2a67324b._.js:2297
[  458117ms] [LOG] [Fast Refresh] rebuilding @ http://localhost:3000/_next/static/chunks/979b6_next_dist_2a67324b._.js:2297
[  458139ms] [LOG] [Fast Refresh] done in 73ms @ http://localhost:3000/_next/static/chunks/979b6_next_dist_2a67324b._.js:2297
[  479044ms] [LOG] [Fast Refresh] rebuilding @ http://localhost:3000/_next/static/chunks/979b6_next_dist_2a67324b._.js:2297
[  479067ms] [LOG] [Fast Refresh] done in 28ms @ http://localhost:3000/_next/static/chunks/979b6_next_dist_2a67324b._.js:2297
[  491303ms] [LOG] [Fast Refresh] rebuilding @ http://localhost:3000/_next/static/chunks/979b6_next_dist_2a67324b._.js:2297
[  491325ms] [LOG] [Fast Refresh] done in 30ms @ http://localhost:3000/_next/static/chunks/979b6_next_dist_2a67324b._.js:2297
[  498508ms] [LOG] [Fast Refresh] rebuilding @ http://localhost:3000/_next/static/chunks/979b6_next_dist_2a67324b._.js:2297
[  498532ms] [LOG] [Fast Refresh] done in 125ms @ http://localhost:3000/_next/static/chunks/979b6_next_dist_2a67324b._.js:2297
[  501376ms] [LOG] [Fast Refresh] rebuilding @ http://localhost:3000/_next/static/chunks/979b6_next_dist_2a67324b._.js:2297
[  501397ms] [LOG] [Fast Refresh] done in 45ms @ http://localhost:3000/_next/static/chunks/979b6_next_dist_2a67324b._.js:2297
[  550124ms] [LOG] [Fast Refresh] rebuilding @ http://localhost:3000/_next/static/chunks/979b6_next_dist_2a67324b._.js:2297
[  550151ms] [LOG] [Fast Refresh] done in 53ms @ http://localhost:3000/_next/static/chunks/979b6_next_dist_2a67324b._.js:2297
