[     310ms] [INFO] %cDownload the React DevTools for a better development experience: https://react.dev/link/react-devtools font-weight:bold @ http://localhost:3711/_next/static/chunks/979b6_next_dist_2a67324b._.js:2297
[     321ms] [LOG] [HMR] connected @ http://localhost:3711/_next/static/chunks/979b6_next_dist_2a67324b._.js:2297
[     372ms] [WARNING] Image with src "https://r4t2ruiygwedeai0.public.blob.vercel-storage.com/products/kid-grow.png" was detected as the Largest Contentful Paint (LCP). Please add the `loading="eager"` property if this image is above the fold.
Read more: https://nextjs.org/docs/app/api-reference/components/image#loading @ http://localhost:3711/_next/static/chunks/979b6_next_dist_2a67324b._.js:2297
[     415ms] [WARNING] Please ensure that the container has a non-static position, like 'relative', 'fixed', or 'absolute' to ensure scroll offset is calculated correctly. @ http://localhost:3711/_next/static/chunks/979b6_next_dist_2a67324b._.js:2297
[   93850ms] [LOG] [Fast Refresh] rebuilding @ http://localhost:3711/_next/static/chunks/979b6_next_dist_2a67324b._.js:2297
[   93878ms] [LOG] [Fast Refresh] done in 26ms @ http://localhost:3711/_next/static/chunks/979b6_next_dist_2a67324b._.js:2297
[  103323ms] [ERROR] WebSocket connection to 'ws://localhost:3711/_next/webpack-hmr?id=eSP0f2muF2jBMXG4cZzwP' failed: Error in connection establishment: net::ERR_CONNECTION_REFUSED @ http://localhost:3711/_next/static/chunks/979b6_next_dist_client_8b3c0be4._.js:10878
[  104327ms] [ERROR] WebSocket connection to 'ws://localhost:3711/_next/webpack-hmr?id=eSP0f2muF2jBMXG4cZzwP' failed: Error in connection establishment: net::ERR_CONNECTION_REFUSED @ http://localhost:3711/_next/static/chunks/979b6_next_dist_client_8b3c0be4._.js:10878
[  105329ms] [ERROR] WebSocket connection to 'ws://localhost:3711/_next/webpack-hmr?id=eSP0f2muF2jBMXG4cZzwP' failed: Error in connection establishment: net::ERR_CONNECTION_REFUSED @ http://localhost:3711/_next/static/chunks/979b6_next_dist_client_8b3c0be4._.js:10878
[  106331ms] [ERROR] WebSocket connection to 'ws://localhost:3711/_next/webpack-hmr?id=eSP0f2muF2jBMXG4cZzwP' failed: Error in connection establishment: net::ERR_CONNECTION_REFUSED @ http://localhost:3711/_next/static/chunks/979b6_next_dist_client_8b3c0be4._.js:10878
[  107332ms] [ERROR] WebSocket connection to 'ws://localhost:3711/_next/webpack-hmr?id=eSP0f2muF2jBMXG4cZzwP' failed: Error in connection establishment: net::ERR_CONNECTION_REFUSED @ http://localhost:3711/_next/static/chunks/979b6_next_dist_client_8b3c0be4._.js:10878
[  108419ms] [ERROR] Failed to load resource: net::ERR_CONNECTION_REFUSED @ http://localhost:3711/_next/image?url=%2Fimages%2Fboxes%2Freset-balance-box.png&w=640&q=75:0
[  108419ms] [ERROR] Failed to load resource: net::ERR_CONNECTION_REFUSED @ http://localhost:3711/_next/image?url=%2Fimages%2Fglasses%2Freset-balance-glass-v2.jpg&w=640&q=75:0
[  112334ms] [ERROR] WebSocket connection to 'ws://localhost:3711/_next/webpack-hmr?id=eSP0f2muF2jBMXG4cZzwP' failed: Error in connection establishment: net::ERR_CONNECTION_REFUSED @ http://localhost:3711/_next/static/chunks/979b6_next_dist_client_8b3c0be4._.js:10878
[  117337ms] [ERROR] WebSocket connection to 'ws://localhost:3711/_next/webpack-hmr?id=eSP0f2muF2jBMXG4cZzwP' failed: Error in connection establishment: net::ERR_CONNECTION_REFUSED @ http://localhost:3711/_next/static/chunks/979b6_next_dist_client_8b3c0be4._.js:10878
[  120424ms] [ERROR] Failed to load resource: net::ERR_CONNECTION_REFUSED @ http://localhost:3711/_next/image?url=%2Fimages%2Fboxes%2Freset-balance-box.png&w=640&q=75:0
[  120425ms] [ERROR] Failed to load resource: net::ERR_CONNECTION_REFUSED @ http://localhost:3711/_next/image?url=%2Fimages%2Fglasses%2Freset-balance-glass-v2.jpg&w=640&q=75:0
[  122341ms] [ERROR] WebSocket connection to 'ws://localhost:3711/_next/webpack-hmr?id=eSP0f2muF2jBMXG4cZzwP' failed: Error in connection establishment: net::ERR_CONNECTION_REFUSED @ http://localhost:3711/_next/static/chunks/979b6_next_dist_client_8b3c0be4._.js:10878
[  127344ms] [ERROR] WebSocket connection to 'ws://localhost:3711/_next/webpack-hmr?id=eSP0f2muF2jBMXG4cZzwP' failed: Error in connection establishment: net::ERR_CONNECTION_REFUSED @ http://localhost:3711/_next/static/chunks/979b6_next_dist_client_8b3c0be4._.js:10878
